=== Source payload preflight ===
{"path": "/home/volker/piinstaller-build-tui-auto-002/build/rescue/tui-auto-002-staging-esp/live/filesystem.squashfs", "expected_sha256": "3706b824a8992b8abf8d9e20a6d1daa47503cb7c3fada9ac5189e38c2b9ef43e", "actual_sha256": "3706b824a8992b8abf8d9e20a6d1daa47503cb7c3fada9ac5189e38c2b9ef43e", "filename_version": null, "internal_versions": {"VERSION": "1.10.0.59", "rescue_payload_version.json": "1.10.0.59", "version.json": "1.10.0.59"}, "canonical_version": "1.10.0.59", "version_consistent": true, "errors": [], "blocked": false}
=== FAT32 ESP payload update safety ===
{
  "target_device": "/dev/sda",
  "target_partition": "/dev/sda1",
  "blocked": false,
  "blockers": [],
  "write_allowed": true,
  "partition_rewritten": false,
  "filesystem_reformatted": false,
  "secrets_exposed": false,
  "setup_logs_sibling": {
    "parent_device": "/dev/sda",
    "setup_logs_label": "SETUP_LOGS",
    "sibling_setup_logs_detected": true,
    "blockers": [],
    "blocked": false
  }
}
=== FAT32 ESP payload update plan ===
{
  "schema_version": 1,
  "operation": "fat32_esp_live_payload_update",
  "mode": "execute",
  "target_device": "/dev/sda",
  "target_partition": "/dev/sda1",
  "new_squashfs": "/home/volker/piinstaller-build-tui-auto-002/build/rescue/tui-auto-002-staging-esp/live/filesystem.squashfs",
  "new_squashfs_sha256": "3706b824a8992b8abf8d9e20a6d1daa47503cb7c3fada9ac5189e38c2b9ef43e",
  "payload_paths": [
    "live/filesystem.squashfs"
  ],
  "atomic_squashfs": ".sqtmp/filesystem.squashfs.new \u2192 live/filesystem.squashfs",
  "safety": {
    "target_device": "/dev/sda",
    "target_partition": "/dev/sda1",
    "blocked": false,
    "blockers": [],
    "write_allowed": true,
    "partition_rewritten": false,
    "filesystem_reformatted": false,
    "secrets_exposed": false,
    "setup_logs_sibling": {
      "parent_device": "/dev/sda",
      "setup_logs_label": "SETUP_LOGS",
      "sibling_setup_logs_detected": true,
      "blockers": [],
      "blocked": false
    }
  },
  "blocked": false,
  "blockers": [],
  "payload_update_executed": false,
  "partition_rewritten": false,
  "filesystem_reformatted": false,
  "secrets_exposed": false
}
OLD_SQUASHFS_SHA256=3322573de69243be06e363680ddbedebe6462d3badbd45ec6fca62bc8645924a
OLD_METADATA_VERSION=1.10.0.30
STEP: mkdir_sqtmp
OK: mkdir_sqtmp
STEP: cp_squashfs_new
OK: cp_squashfs_new
STEP: backup_prev_payload
OK: backup_prev_payload
STEP: mv_squashfs_atomic
OK: mv_squashfs_atomic
STICK_SQUASHFS_SHA256_AFTER=3706b824a8992b8abf8d9e20a6d1daa47503cb7c3fada9ac5189e38c2b9ef43e
STEP: cp_evidence_json
OK: cp_evidence_json
STEP: cp_version_json
OK: cp_version_json
STEP: cleanup_sqtmp
OK: cleanup_sqtmp
OK: staging artifacts cleaned
OK: verify with expected squashfs hash
{"payload_update_status": "success", "verify_status": "success"}
OK: FAT32 ESP payload update complete — evidence: /home/volker/piinstaller/docs/evidence/runtime-results/rescue/fat32_esp_payload_update_20260720_195949
payload_update_executed=true
rs001_status=yellow (hardware retest pending)
