=== Source payload preflight ===
{"path": "/home/volker/piinstaller-asus-emergency-linux-telemetry-003/build/rescue/fat32-esp-staging/live/filesystem.squashfs", "expected_sha256": "4629ca614c98a290626508d835c905246739b55f90fe02c393ab93b7641d7866", "actual_sha256": "4629ca614c98a290626508d835c905246739b55f90fe02c393ab93b7641d7866", "filename_version": null, "internal_versions": {"VERSION": "1.10.3.0", "rescue_payload_version.json": "1.10.3.0", "version.json": "1.10.3.0"}, "canonical_version": "1.10.3.0", "version_consistent": true, "errors": [], "blocked": false}
=== FAT32 ESP payload update safety ===
{
  "target_device": "/dev/sda",
  "target_partition": "/dev/sda1",
  "blocked": false,
  "blockers": [],
  "write_allowed": true,
  "partition_rewritten": false,
  "filesystem_reformatted": false,
  "secrets_exposed": false,
  "setup_logs_sibling": {
    "parent_device": "/dev/sda",
    "setup_logs_label": "SETUP_LOGS",
    "sibling_setup_logs_detected": true,
    "blockers": [],
    "blocked": false
  }
}
=== FAT32 ESP payload update plan ===
{
  "schema_version": 1,
  "operation": "fat32_esp_live_payload_update",
  "mode": "execute",
  "target_device": "/dev/sda",
  "target_partition": "/dev/sda1",
  "new_squashfs": "/home/volker/piinstaller-asus-emergency-linux-telemetry-003/build/rescue/fat32-esp-staging/live/filesystem.squashfs",
  "new_squashfs_sha256": "4629ca614c98a290626508d835c905246739b55f90fe02c393ab93b7641d7866",
  "payload_paths": [
    "live/filesystem.squashfs"
  ],
  "atomic_squashfs": ".sqtmp/filesystem.squashfs.new \u2192 live/filesystem.squashfs",
  "safety": {
    "target_device": "/dev/sda",
    "target_partition": "/dev/sda1",
    "blocked": false,
    "blockers": [],
    "write_allowed": true,
    "partition_rewritten": false,
    "filesystem_reformatted": false,
    "secrets_exposed": false,
    "setup_logs_sibling": {
      "parent_device": "/dev/sda",
      "setup_logs_label": "SETUP_LOGS",
      "sibling_setup_logs_detected": true,
      "blockers": [],
      "blocked": false
    }
  },
  "blocked": false,
  "blockers": [],
  "payload_update_executed": false,
  "partition_rewritten": false,
  "filesystem_reformatted": false,
  "secrets_exposed": false
}
OLD_SQUASHFS_SHA256=a68baa316413e66bbb56602536f0cf268249c98993d437ca07f2a6a44b692fcd
OLD_METADATA_VERSION=1.10.2.0
STEP: mkdir_sqtmp
OK: mkdir_sqtmp
STEP: cp_squashfs_new
OK: cp_squashfs_new
SKIP: prev backup already exists: /tmp/tmp.wpmbmazblX/live/filesystem.squashfs.prev-1.10.2.0
STEP: mv_squashfs_atomic
OK: mv_squashfs_atomic
STICK_SQUASHFS_SHA256_AFTER=4629ca614c98a290626508d835c905246739b55f90fe02c393ab93b7641d7866
STEP: cp_evidence_json
OK: cp_evidence_json
STEP: cp_version_json
OK: cp_version_json
STEP: cleanup_sqtmp
OK: cleanup_sqtmp
OK: staging artifacts cleaned
OK: verify with expected squashfs hash
{"payload_update_status": "success", "verify_status": "success"}
OK: FAT32 ESP payload update complete — evidence: /home/volker/piinstaller-asus-emergency-linux-telemetry-003/docs/evidence/runtime-results/rescue/fat32_esp_payload_update_20260807_201807
payload_update_executed=true
rs001_status=yellow (hardware retest pending)
